[2026-02-19T10:43:51.086Z] [Auth Debug] Login attempt for: gokul.cs23@bitsathy.ac.in
[2026-02-19T10:43:51.109Z] [Auth Debug] Admin lookup result: Not Found
[2026-02-19T10:43:51.132Z] [Auth Debug] User lookup result: Found
[2026-02-19T10:43:51.370Z] [Auth Debug] Password matched for: gokul.cs23@bitsathy.ac.in
[2026-02-19T10:43:51.373Z] [Auth Debug] Starting gamification logic...
[2026-02-19T10:43:51.398Z] [Auth Debug] Streak updated and saved. AwardXP: false
[2026-02-19T10:43:51.405Z] [Auth Debug] Logging audit...
[2026-02-19T10:43:51.447Z] [Auth Debug] Sending response...
[2026-02-19T10:44:29.703Z] [Auth Debug] Login attempt for: one@bitsathy.ac.in
[2026-02-19T10:44:29.709Z] [Auth Debug] Admin lookup result: Not Found
[2026-02-19T10:44:29.717Z] [Auth Debug] User lookup result: Found
[2026-02-19T10:44:29.932Z] [Auth Debug] Password matched for: one@bitsathy.ac.in
[2026-02-19T10:44:29.936Z] [Auth Debug] Starting gamification logic...
[2026-02-19T10:44:29.958Z] [Auth Debug] Streak updated and saved. AwardXP: true
[2026-02-19T10:44:29.980Z] [Auth Debug] Logging audit...
[2026-02-19T10:44:29.995Z] [Auth Debug] Sending response...
[2026-02-19T16:35:50.752Z] [Auth Debug] Login attempt for: cheran.it23@bitsathy.ac.in
[2026-02-19T16:35:50.769Z] [Auth Debug] Admin lookup result: Not Found
[2026-02-19T16:35:50.809Z] [Auth Debug] User lookup result: Found
[2026-02-19T16:35:51.077Z] [Auth Debug] Password matched for: cheran.it23@bitsathy.ac.in
[2026-02-19T16:35:51.082Z] [Auth Debug] Starting gamification logic...
[2026-02-19T16:35:51.113Z] [Auth Debug] Streak updated and saved. AwardXP: true
[2026-02-19T16:35:51.147Z] [Auth Debug] Logging audit...
[2026-02-19T16:35:51.205Z] [Auth Debug] Sending response...
[2026-02-20T03:21:48.389Z] [Auth Debug] Login attempt for: naveena.faculty@bitsathy.ac.in
[2026-02-20T03:21:48.397Z] [Auth Debug] Admin lookup result: Not Found
[2026-02-20T03:21:48.403Z] [Auth Debug] User lookup result: Found
[2026-02-20T03:21:48.529Z] [Auth Debug] Password matched for: naveena.faculty@bitsathy.ac.in
[2026-02-20T03:21:48.532Z] [Auth Debug] Starting gamification logic...
[2026-02-20T03:21:48.545Z] [Auth Debug] Streak updated and saved. AwardXP: true
[2026-02-20T03:21:48.557Z] [Auth Debug] Logging audit...
[2026-02-20T03:21:48.564Z] [Auth Debug] Sending response...
[2026-02-20T03:50:28.610Z] [Auth Debug] Login attempt for: cheran@it23
[2026-02-20T03:50:28.624Z] [Auth Debug] Admin lookup result: Found
[2026-02-20T03:50:29.188Z] [Auth Debug] Password matched for: cheran@it23
[2026-02-20T03:50:29.198Z] [Auth Debug] Starting gamification logic...
[2026-02-20T03:50:29.204Z] [Auth Debug] Skipping gamification for Admin role.
[2026-02-20T03:50:29.218Z] [Auth Debug] Logging audit...
[2026-02-20T03:50:29.371Z] [Auth Debug] Sending response...
[2026-02-20T04:16:54.559Z] [Auth Debug] Login attempt for: cheran@it23
[2026-02-20T04:16:56.476Z] [Auth Debug] Admin lookup result: Found
[2026-02-20T04:16:56.987Z] [Auth Debug] Password matched for: cheran@it23
[2026-02-20T04:16:56.993Z] [Auth Debug] Starting gamification logic...
[2026-02-20T04:16:56.997Z] [Auth Debug] Skipping gamification for Admin role.
[2026-02-20T04:16:57.009Z] [Auth Debug] Logging audit...
[2026-02-20T04:16:57.779Z] [Auth Debug] Sending response...
[2026-02-20T04:28:01.809Z] [Auth Debug] Login attempt for: cheran@it23
[2026-02-20T04:28:01.905Z] [Auth Debug] Admin lookup result: Found
[2026-02-20T04:28:02.449Z] [Auth Debug] Password matched for: cheran@it23
[2026-02-20T04:28:02.454Z] [Auth Debug] Starting gamification logic...
[2026-02-20T04:28:02.457Z] [Auth Debug] Skipping gamification for Admin role.
[2026-02-20T04:28:02.465Z] [Auth Debug] Logging audit...
[2026-02-20T04:28:02.983Z] [Auth Debug] Sending response...
[2026-02-20T05:32:47.415Z] [Auth Debug] Login attempt for: cheran.it23@bitsathy.ac.in
[2026-02-20T05:32:47.494Z] [Auth Debug] Admin lookup result: Not Found
[2026-02-20T05:32:47.556Z] [Auth Debug] User lookup result: Found
[2026-02-20T05:32:47.758Z] [Auth Debug] login failed: Invalid email or password
[2026-02-20T05:32:50.123Z] [Auth Debug] Login attempt for: cheran.it23@bitsathy.ac.in
[2026-02-20T05:32:50.211Z] [Auth Debug] Admin lookup result: Not Found
[2026-02-20T05:32:50.271Z] [Auth Debug] User lookup result: Found
[2026-02-20T05:32:50.481Z] [Auth Debug] Password matched for: cheran.it23@bitsathy.ac.in
[2026-02-20T05:32:50.485Z] [Auth Debug] Starting gamification logic...
[2026-02-20T05:32:50.596Z] [Auth Debug] Streak updated and saved. AwardXP: true
[2026-02-20T05:32:50.755Z] [Auth Debug] Logging audit...
[2026-02-20T05:32:50.850Z] [Auth Debug] Sending response...
[2026-02-20T06:13:16.287Z] [Auth Debug] Login attempt for: cheran@it23
[2026-02-20T06:13:16.362Z] [Auth Debug] Admin lookup result: Found
[2026-02-20T06:13:16.737Z] [Auth Debug] Password matched for: cheran@it23
[2026-02-20T06:13:16.758Z] [Auth Debug] Starting gamification logic...
[2026-02-20T06:13:16.787Z] [Auth Debug] Skipping gamification for Admin role.
[2026-02-20T06:13:16.800Z] [Auth Debug] Logging audit...
[2026-02-20T06:13:16.914Z] [Auth Debug] Sending response...
[2026-02-20T06:29:09.212Z] [Auth Debug] Login attempt for: naveena.faculty@bitsathy.ac.in
[2026-02-20T06:29:09.273Z] [Auth Debug] Admin lookup result: Not Found
[2026-02-20T06:29:09.326Z] [Auth Debug] User lookup result: Found
[2026-02-20T06:29:09.652Z] [Auth Debug] Password matched for: naveena.faculty@bitsathy.ac.in
[2026-02-20T06:29:09.659Z] [Auth Debug] Starting gamification logic...
[2026-02-20T06:29:09.741Z] [Auth Debug] Streak updated and saved. AwardXP: false
[2026-02-20T06:29:09.744Z] [Auth Debug] Logging audit...
[2026-02-20T06:29:09.833Z] [Auth Debug] Sending response...
[2026-02-20T10:08:43.390Z] [Auth Debug] Login attempt for: cheran.it23@bitsathy.ac.in
[2026-02-20T10:08:44.248Z] [Auth Debug] Admin lookup result: Not Found
[2026-02-20T10:08:44.610Z] [Auth Debug] User lookup result: Found
[2026-02-20T10:08:47.118Z] [Auth Debug] Password matched for: cheran.it23@bitsathy.ac.in
[2026-02-20T10:08:47.146Z] [Auth Debug] Starting gamification logic...
[2026-02-20T10:08:47.324Z] [Auth Debug] Streak updated and saved. AwardXP: false
[2026-02-20T10:08:47.360Z] [Auth Debug] Logging audit...
[2026-02-20T10:08:47.609Z] [Auth Debug] Sending response...
[2026-02-20T10:09:10.235Z] [Auth Debug] Login attempt for: cheran.it23@bitsathy.ac.in
[2026-02-20T10:09:10.305Z] [Auth Debug] Admin lookup result: Not Found
[2026-02-20T10:09:10.375Z] [Auth Debug] User lookup result: Found
[2026-02-20T10:09:10.618Z] [Auth Debug] Password matched for: cheran.it23@bitsathy.ac.in
[2026-02-20T10:09:10.623Z] [Auth Debug] Starting gamification logic...
[2026-02-20T10:09:10.696Z] [Auth Debug] Streak updated and saved. AwardXP: false
[2026-02-20T10:09:10.704Z] [Auth Debug] Logging audit...
[2026-02-20T10:09:10.777Z] [Auth Debug] Sending response...
[2026-02-20T10:24:59.231Z] [Auth Debug] Login attempt for: naveena.faculty@bitsathy.ac.in
[2026-02-20T10:24:59.294Z] [Auth Debug] Admin lookup result: Not Found
[2026-02-20T10:24:59.363Z] [Auth Debug] User lookup result: Found
[2026-02-20T10:24:59.564Z] [Auth Debug] Password matched for: naveena.faculty@bitsathy.ac.in
[2026-02-20T10:24:59.570Z] [Auth Debug] Starting gamification logic...
[2026-02-20T10:24:59.655Z] [Auth Debug] Streak updated and saved. AwardXP: false
[2026-02-20T10:24:59.659Z] [Auth Debug] Logging audit...
[2026-02-20T10:24:59.755Z] [Auth Debug] Sending response...
[2026-02-20T13:06:21.321Z] [Auth Debug] Login attempt for: surya@ec23
[2026-02-20T13:06:21.336Z] [Auth Debug] Admin lookup result: Found
[2026-02-20T13:06:21.894Z] [Auth Debug] login failed: Invalid email or password
[2026-02-20T13:06:29.484Z] [Auth Debug] Login attempt for: surya@ec23
[2026-02-20T13:06:29.514Z] [Auth Debug] Admin lookup result: Found
[2026-02-20T13:06:30.091Z] [Auth Debug] login failed: Invalid email or password
[2026-02-20T13:07:45.279Z] [Auth Debug] Login attempt for: surya@ec23
[2026-02-20T13:07:45.307Z] [Auth Debug] Admin lookup result: Found
[2026-02-20T13:07:45.697Z] [Auth Debug] Password matched for: surya@ec23
[2026-02-20T13:07:45.705Z] [Auth Debug] Starting gamification logic...
[2026-02-20T13:07:45.711Z] [Auth Debug] Skipping gamification for Admin role.
[2026-02-20T13:07:45.719Z] [Auth Debug] Logging audit...
[2026-02-20T13:07:45.816Z] [Auth Debug] Sending response...
[2026-02-20T14:16:16.721Z] [Auth Debug] Login attempt for: naveena.faculty@bitsathy.ac.in
[2026-02-20T14:16:16.789Z] [Auth Debug] Admin lookup result: Not Found
[2026-02-20T14:16:16.814Z] [Auth Debug] User lookup result: Found
[2026-02-20T14:16:17.105Z] [Auth Debug] Password matched for: naveena.faculty@bitsathy.ac.in
[2026-02-20T14:16:17.118Z] [Auth Debug] Starting gamification logic...
[2026-02-20T14:16:17.142Z] [Auth Debug] Streak updated and saved. AwardXP: false
[2026-02-20T14:16:17.150Z] [Auth Debug] Logging audit...
[2026-02-20T14:16:17.180Z] [Auth Debug] Sending response...
[2026-02-20T14:20:21.852Z] [Auth Debug] Login attempt for: naveena.faculty@bitsathy.ac.in
[2026-02-20T14:20:21.870Z] [Auth Debug] Admin lookup result: Not Found
[2026-02-20T14:20:21.892Z] [Auth Debug] User lookup result: Found
[2026-02-20T14:20:22.135Z] [Auth Debug] Password matched for: naveena.faculty@bitsathy.ac.in
[2026-02-20T14:20:22.144Z] [Auth Debug] Starting gamification logic...
[2026-02-20T14:20:22.158Z] [Auth Debug] Streak updated and saved. AwardXP: false
[2026-02-20T14:20:22.165Z] [Auth Debug] Logging audit...
[2026-02-20T14:20:22.185Z] [Auth Debug] Sending response...
[2026-02-20T14:22:57.456Z] [Auth Debug] Login attempt for: cheran@it23
[2026-02-20T14:22:57.485Z] [Auth Debug] Admin lookup result: Not Found
[2026-02-20T14:22:57.497Z] [Auth Debug] User lookup result: Not Found
[2026-02-20T14:22:57.500Z] [Auth Debug] login failed: Invalid email or password
[2026-02-20T14:23:41.692Z] [Auth Debug] Login attempt for: cheran@it23
[2026-02-20T14:23:41.724Z] [Auth Debug] Admin lookup result: Not Found
[2026-02-20T14:23:41.746Z] [Auth Debug] User lookup result: Not Found
[2026-02-20T14:23:41.779Z] [Auth Debug] login failed: Invalid email or password
[2026-02-20T14:23:43.268Z] [Auth Debug] Login attempt for: cheran@it23
[2026-02-20T14:23:43.292Z] [Auth Debug] Admin lookup result: Not Found
[2026-02-20T14:23:43.316Z] [Auth Debug] User lookup result: Not Found
[2026-02-20T14:23:43.323Z] [Auth Debug] login failed: Invalid email or password
[2026-02-20T14:23:43.522Z] [Auth Debug] Login attempt for: cheran@it23
[2026-02-20T14:23:43.535Z] [Auth Debug] Admin lookup result: Not Found
[2026-02-20T14:23:43.548Z] [Auth Debug] User lookup result: Not Found
[2026-02-20T14:23:43.553Z] [Auth Debug] login failed: Invalid email or password
[2026-02-20T14:23:43.684Z] [Auth Debug] Login attempt for: cheran@it23
[2026-02-20T14:23:43.695Z] [Auth Debug] Admin lookup result: Not Found
[2026-02-20T14:23:43.716Z] [Auth Debug] User lookup result: Not Found
[2026-02-20T14:23:43.724Z] [Auth Debug] login failed: Invalid email or password
[2026-02-20T14:23:43.883Z] [Auth Debug] Login attempt for: cheran@it23
[2026-02-20T14:23:43.895Z] [Auth Debug] Admin lookup result: Not Found
[2026-02-20T14:23:43.911Z] [Auth Debug] User lookup result: Not Found
[2026-02-20T14:23:43.914Z] [Auth Debug] login failed: Invalid email or password
[2026-02-20T14:23:44.059Z] [Auth Debug] Login attempt for: cheran@it23
[2026-02-20T14:23:44.073Z] [Auth Debug] Admin lookup result: Not Found
[2026-02-20T14:23:44.087Z] [Auth Debug] User lookup result: Not Found
[2026-02-20T14:23:44.093Z] [Auth Debug] login failed: Invalid email or password
[2026-02-20T14:23:44.268Z] [Auth Debug] Login attempt for: cheran@it23
[2026-02-20T14:23:44.286Z] [Auth Debug] Admin lookup result: Not Found
[2026-02-20T14:23:44.302Z] [Auth Debug] User lookup result: Not Found
[2026-02-20T14:23:44.308Z] [Auth Debug] login failed: Invalid email or password
[2026-02-20T14:25:13.416Z] [Auth Debug] Login attempt for: surya@23
[2026-02-20T14:25:13.448Z] [Auth Debug] Admin lookup result: Not Found
[2026-02-20T14:25:13.484Z] [Auth Debug] User lookup result: Not Found
[2026-02-20T14:25:13.501Z] [Auth Debug] login failed: Invalid email or password
[2026-02-20T14:25:14.504Z] [Auth Debug] Login attempt for: surya@23
[2026-02-20T14:25:14.526Z] [Auth Debug] Admin lookup result: Not Found
[2026-02-20T14:25:14.534Z] [Auth Debug] User lookup result: Not Found
[2026-02-20T14:25:14.537Z] [Auth Debug] login failed: Invalid email or password
[2026-02-20T14:25:30.571Z] [Auth Debug] Login attempt for: surya@ec23
[2026-02-20T14:25:30.590Z] [Auth Debug] Admin lookup result: Found
[2026-02-20T14:25:30.878Z] [Auth Debug] Password matched for: surya@ec23
[2026-02-20T14:25:30.883Z] [Auth Debug] Starting gamification logic...
[2026-02-20T14:25:30.887Z] [Auth Debug] Skipping gamification for Admin role.
[2026-02-20T14:25:30.889Z] [Auth Debug] Logging audit...
[2026-02-20T14:25:30.898Z] [Auth Debug] Sending response...
[2026-02-25T14:48:58.602Z] [Auth Debug] Login attempt for: surya@ec23
[2026-02-25T14:48:58.614Z] [Auth Debug] Admin lookup result: Found
[2026-02-25T14:48:58.913Z] [Auth Debug] Password matched for: surya@ec23
[2026-02-25T14:48:58.919Z] [Auth Debug] Starting gamification logic...
[2026-02-25T14:48:58.926Z] [Auth Debug] Skipping gamification for Admin role.
[2026-02-25T14:48:58.932Z] [Auth Debug] Logging audit...
[2026-02-25T14:48:59.091Z] [Auth Debug] Sending response...
[2026-02-27T04:13:15.415Z] [Auth Debug] Login attempt for: surya.ec23@bitsathy.ac.in
[2026-02-27T04:13:15.435Z] [Auth Debug] Admin lookup result: Not Found
[2026-02-27T04:13:15.455Z] [Auth Debug] User lookup result: Found
[2026-02-27T04:13:15.714Z] [Auth Debug] Password matched for: surya.ec23@bitsathy.ac.in
[2026-02-27T04:13:15.722Z] [Auth Debug] Starting gamification logic...
[2026-02-27T04:13:15.742Z] [Auth Debug] Streak updated and saved. AwardXP: true
[2026-02-27T04:13:15.779Z] [Auth Debug] Logging audit...
[2026-02-27T04:13:15.801Z] [Auth Debug] Sending response...
[2026-02-27T04:13:40.619Z] [Auth Debug] Login attempt for: surya.ec23@bitsathy.ac.in
[2026-02-27T04:13:40.659Z] [Auth Debug] Admin lookup result: Not Found
[2026-02-27T04:13:40.677Z] [Auth Debug] User lookup result: Found
[2026-02-27T04:13:40.917Z] [Auth Debug] login failed: Invalid email or password
[2026-02-27T04:14:09.209Z] [Auth Debug] Login attempt for: surya@ec23
[2026-02-27T04:14:09.246Z] [Auth Debug] Admin lookup result: Found
[2026-02-27T04:14:09.505Z] [Auth Debug] login failed: Invalid email or password
[2026-02-27T04:14:13.636Z] [Auth Debug] Login attempt for: surya@ec23
[2026-02-27T04:14:13.685Z] [Auth Debug] Admin lookup result: Found
[2026-02-27T04:14:13.930Z] [Auth Debug] Password matched for: surya@ec23
[2026-02-27T04:14:13.942Z] [Auth Debug] Starting gamification logic...
[2026-02-27T04:14:13.947Z] [Auth Debug] Skipping gamification for Admin role.
[2026-02-27T04:14:13.953Z] [Auth Debug] Logging audit...
[2026-02-27T04:14:13.992Z] [Auth Debug] Sending response...
[2026-02-27T04:17:21.533Z] [Auth Debug] Login attempt for: deepa.ec@bitsathy.ac.in
[2026-02-27T04:17:21.559Z] [Auth Debug] Admin lookup result: Not Found
[2026-02-27T04:17:21.598Z] [Auth Debug] User lookup result: Found
[2026-02-27T04:17:21.836Z] [Auth Debug] Password matched for: deepa.ec@bitsathy.ac.in
[2026-02-27T04:17:21.843Z] [Auth Debug] Starting gamification logic...
[2026-02-27T04:17:21.867Z] [Auth Debug] Streak updated and saved. AwardXP: true
[2026-02-27T04:17:21.895Z] [Auth Debug] Logging audit...
[2026-02-27T04:17:21.938Z] [Auth Debug] Sending response...
[2026-02-27T04:19:42.211Z] [Auth Debug] Login attempt for: surya.ec@bitsathy.ac.in
[2026-02-27T04:19:42.218Z] [Auth Debug] Admin lookup result: Not Found
[2026-02-27T04:19:42.224Z] [Auth Debug] User lookup result: Not Found
[2026-02-27T04:19:42.230Z] [Auth Debug] login failed: Invalid email or password
[2026-02-27T04:25:25.607Z] [Auth Debug] Login attempt for: naveena.faculty@bitsathy.ac.in
[2026-02-27T04:25:25.626Z] [Auth Debug] Admin lookup result: Not Found
[2026-02-27T04:25:25.646Z] [Auth Debug] User lookup result: Not Found
[2026-02-27T04:25:25.649Z] [Auth Debug] login failed: Invalid email or password
[2026-02-27T04:25:27.502Z] [Auth Debug] Login attempt for: naveena.faculty@bitsathy.ac.in
[2026-02-27T04:25:27.522Z] [Auth Debug] Admin lookup result: Not Found
[2026-02-27T04:25:27.537Z] [Auth Debug] User lookup result: Not Found
[2026-02-27T04:25:27.543Z] [Auth Debug] login failed: Invalid email or password
[2026-02-27T04:25:30.679Z] [Auth Debug] Login attempt for: naveena.faculty@bitsathy.ac.in
[2026-02-27T04:25:30.693Z] [Auth Debug] Admin lookup result: Not Found
[2026-02-27T04:25:30.712Z] [Auth Debug] User lookup result: Not Found
[2026-02-27T04:25:30.717Z] [Auth Debug] login failed: Invalid email or password
[2026-02-27T04:25:31.454Z] [Auth Debug] Login attempt for: naveena.faculty@bitsathy.ac.in
[2026-02-27T04:25:31.469Z] [Auth Debug] Admin lookup result: Not Found
[2026-02-27T04:25:31.485Z] [Auth Debug] User lookup result: Not Found
[2026-02-27T04:25:31.489Z] [Auth Debug] login failed: Invalid email or password
[2026-02-27T04:25:31.868Z] [Auth Debug] Login attempt for: naveena.faculty@bitsathy.ac.in
[2026-02-27T04:25:31.886Z] [Auth Debug] Admin lookup result: Not Found
[2026-02-27T04:25:31.913Z] [Auth Debug] User lookup result: Not Found
[2026-02-27T04:25:31.919Z] [Auth Debug] login failed: Invalid email or password
[2026-02-27T04:25:32.115Z] [Auth Debug] Login attempt for: naveena.faculty@bitsathy.ac.in
[2026-02-27T04:25:32.149Z] [Auth Debug] Admin lookup result: Not Found
[2026-02-27T04:25:32.166Z] [Auth Debug] User lookup result: Not Found
[2026-02-27T04:25:32.179Z] [Auth Debug] login failed: Invalid email or password
[2026-02-27T04:25:32.364Z] [Auth Debug] Login attempt for: naveena.faculty@bitsathy.ac.in
[2026-02-27T04:25:32.393Z] [Auth Debug] Admin lookup result: Not Found
[2026-02-27T04:25:32.414Z] [Auth Debug] User lookup result: Not Found
[2026-02-27T04:25:32.421Z] [Auth Debug] login failed: Invalid email or password
[2026-02-27T04:25:32.608Z] [Auth Debug] Login attempt for: naveena.faculty@bitsathy.ac.in
[2026-02-27T04:25:32.623Z] [Auth Debug] Admin lookup result: Not Found
[2026-02-27T04:25:32.630Z] [Auth Debug] User lookup result: Not Found
[2026-02-27T04:25:32.632Z] [Auth Debug] login failed: Invalid email or password
[2026-02-27T04:25:33.068Z] [Auth Debug] Login attempt for: naveena.faculty@bitsathy.ac.in
[2026-02-27T04:25:33.082Z] [Auth Debug] Admin lookup result: Not Found
[2026-02-27T04:25:33.101Z] [Auth Debug] User lookup result: Not Found
[2026-02-27T04:25:33.109Z] [Auth Debug] login failed: Invalid email or password
[2026-02-27T04:25:33.317Z] [Auth Debug] Login attempt for: naveena.faculty@bitsathy.ac.in
[2026-02-27T04:25:33.338Z] [Auth Debug] Admin lookup result: Not Found
[2026-02-27T04:25:33.362Z] [Auth Debug] User lookup result: Not Found
[2026-02-27T04:25:33.371Z] [Auth Debug] login failed: Invalid email or password
[2026-02-27T04:25:33.720Z] [Auth Debug] Login attempt for: naveena.faculty@bitsathy.ac.in
[2026-02-27T04:25:33.744Z] [Auth Debug] Admin lookup result: Not Found
[2026-02-27T04:25:33.773Z] [Auth Debug] User lookup result: Not Found
[2026-02-27T04:25:33.780Z] [Auth Debug] login failed: Invalid email or password
[2026-02-27T04:25:34.229Z] [Auth Debug] Login attempt for: naveena.faculty@bitsathy.ac.in
[2026-02-27T04:25:34.252Z] [Auth Debug] Admin lookup result: Not Found
[2026-02-27T04:25:34.277Z] [Auth Debug] User lookup result: Not Found
[2026-02-27T04:25:34.285Z] [Auth Debug] login failed: Invalid email or password
[2026-02-27T04:26:09.673Z] [Auth Debug] Login attempt for: deeepa.ec@bitsathy.ac.in
[2026-02-27T04:26:09.688Z] [Auth Debug] Admin lookup result: Not Found
[2026-02-27T04:26:09.719Z] [Auth Debug] User lookup result: Not Found
[2026-02-27T04:26:09.725Z] [Auth Debug] login failed: Invalid email or password
[2026-02-27T04:26:22.705Z] [Auth Debug] Login attempt for: deeepa.ec@bitsathy.ac.in
[2026-02-27T04:26:22.723Z] [Auth Debug] Admin lookup result: Not Found
[2026-02-27T04:26:22.751Z] [Auth Debug] User lookup result: Not Found
[2026-02-27T04:26:22.759Z] [Auth Debug] login failed: Invalid email or password
[2026-02-27T04:26:23.889Z] [Auth Debug] Login attempt for: deeepa.ec@bitsathy.ac.in
[2026-02-27T04:26:23.896Z] [Auth Debug] Admin lookup result: Not Found
[2026-02-27T04:26:23.918Z] [Auth Debug] User lookup result: Not Found
[2026-02-27T04:26:23.923Z] [Auth Debug] login failed: Invalid email or password
[2026-02-27T04:26:24.439Z] [Auth Debug] Login attempt for: deeepa.ec@bitsathy.ac.in
[2026-02-27T04:26:24.453Z] [Auth Debug] Admin lookup result: Not Found
[2026-02-27T04:26:24.470Z] [Auth Debug] User lookup result: Not Found
[2026-02-27T04:26:24.480Z] [Auth Debug] login failed: Invalid email or password
[2026-02-27T04:26:24.655Z] [Auth Debug] Login attempt for: deeepa.ec@bitsathy.ac.in
[2026-02-27T04:26:24.678Z] [Auth Debug] Admin lookup result: Not Found
[2026-02-27T04:26:24.707Z] [Auth Debug] User lookup result: Not Found
[2026-02-27T04:26:24.713Z] [Auth Debug] login failed: Invalid email or password
[2026-02-27T04:26:24.876Z] [Auth Debug] Login attempt for: deeepa.ec@bitsathy.ac.in
[2026-02-27T04:26:24.890Z] [Auth Debug] Admin lookup result: Not Found
[2026-02-27T04:26:24.897Z] [Auth Debug] User lookup result: Not Found
[2026-02-27T04:26:24.900Z] [Auth Debug] login failed: Invalid email or password
[2026-02-27T04:26:25.073Z] [Auth Debug] Login attempt for: deeepa.ec@bitsathy.ac.in
[2026-02-27T04:26:25.088Z] [Auth Debug] Admin lookup result: Not Found
[2026-02-27T04:26:25.109Z] [Auth Debug] User lookup result: Not Found
[2026-02-27T04:26:25.117Z] [Auth Debug] login failed: Invalid email or password
[2026-02-27T04:26:31.551Z] [Auth Debug] Login attempt for: deeepa.ec@bitsathy.ac.in
[2026-02-27T04:26:31.568Z] [Auth Debug] Admin lookup result: Not Found
[2026-02-27T04:26:31.586Z] [Auth Debug] User lookup result: Not Found
[2026-02-27T04:26:31.600Z] [Auth Debug] login failed: Invalid email or password
[2026-02-27T04:26:32.210Z] [Auth Debug] Login attempt for: deeepa.ec@bitsathy.ac.in
[2026-02-27T04:26:32.239Z] [Auth Debug] Admin lookup result: Not Found
[2026-02-27T04:26:32.267Z] [Auth Debug] User lookup result: Not Found
[2026-02-27T04:26:32.276Z] [Auth Debug] login failed: Invalid email or password
[2026-02-27T04:26:32.436Z] [Auth Debug] Login attempt for: deeepa.ec@bitsathy.ac.in
[2026-02-27T04:26:32.443Z] [Auth Debug] Admin lookup result: Not Found
[2026-02-27T04:26:32.472Z] [Auth Debug] User lookup result: Not Found
[2026-02-27T04:26:32.482Z] [Auth Debug] login failed: Invalid email or password
[2026-02-27T04:26:35.987Z] [Auth Debug] Login attempt for: deepa.ec@bitsathy.ac.in
[2026-02-27T04:26:36.015Z] [Auth Debug] Admin lookup result: Not Found
[2026-02-27T04:26:36.050Z] [Auth Debug] User lookup result: Found
[2026-02-27T04:26:36.322Z] [Auth Debug] Password matched for: deepa.ec@bitsathy.ac.in
[2026-02-27T04:26:36.328Z] [Auth Debug] Starting gamification logic...
[2026-02-27T04:26:36.346Z] [Auth Debug] Streak updated and saved. AwardXP: false
[2026-02-27T04:26:36.359Z] [Auth Debug] Logging audit...
[2026-02-27T04:26:36.372Z] [Auth Debug] Sending response...
[2026-02-27T04:27:39.354Z] [Auth Debug] Login attempt for: surya.ec23@bitsathy.ac.in
[2026-02-27T04:27:39.373Z] [Auth Debug] Admin lookup result: Not Found
[2026-02-27T04:27:39.391Z] [Auth Debug] User lookup result: Found
[2026-02-27T04:27:39.676Z] [Auth Debug] Password matched for: surya.ec23@bitsathy.ac.in
[2026-02-27T04:27:39.683Z] [Auth Debug] Starting gamification logic...
[2026-02-27T04:27:39.703Z] [Auth Debug] Streak updated and saved. AwardXP: false
[2026-02-27T04:27:39.710Z] [Auth Debug] Logging audit...
[2026-02-27T04:27:39.729Z] [Auth Debug] Sending response...
[2026-03-04T04:27:15.175Z] [Auth Debug] Login attempt for: surya.ec23@bitsathy.ac.in
[2026-03-04T04:27:15.197Z] [Auth Debug] Admin lookup result: Not Found
[2026-03-04T04:27:15.317Z] [Auth Debug] User lookup result: Found
[2026-03-04T04:27:15.553Z] [Auth Debug] Password matched for: surya.ec23@bitsathy.ac.in
[2026-03-04T04:27:15.558Z] [Auth Debug] Starting gamification logic...
[2026-03-04T04:27:15.627Z] [Auth Debug] Streak updated and saved. AwardXP: true
[2026-03-04T04:27:15.665Z] [Auth Debug] Logging audit...
[2026-03-04T04:27:15.778Z] [Auth Debug] Sending response...
[2026-03-04T04:36:02.481Z] [Auth Debug] Login attempt for: surya@ec23
[2026-03-04T04:36:02.513Z] [Auth Debug] Admin lookup result: Found
[2026-03-04T04:36:02.713Z] [Auth Debug] Password matched for: surya@ec23
[2026-03-04T04:36:02.718Z] [Auth Debug] Starting gamification logic...
[2026-03-04T04:36:02.721Z] [Auth Debug] Skipping gamification for Admin role.
[2026-03-04T04:36:02.726Z] [Auth Debug] Logging audit...
[2026-03-04T04:36:02.749Z] [Auth Debug] Sending response...
[2026-03-04T05:21:05.346Z] [Auth Debug] Login attempt for: vimalkumarp.ec23@bitsathy.ac.in
[2026-03-04T05:21:05.404Z] [Auth Debug] Admin lookup result: Not Found
[2026-03-04T05:21:05.425Z] [Auth Debug] User lookup result: Found
[2026-03-04T05:21:05.711Z] [Auth Debug] Password matched for: vimalkumarp.ec23@bitsathy.ac.in
[2026-03-04T05:21:05.721Z] [Auth Debug] Starting gamification logic...
[2026-03-04T05:21:05.746Z] [Auth Debug] Streak updated and saved. AwardXP: true
[2026-03-04T05:21:05.780Z] [Auth Debug] Logging audit...
[2026-03-04T05:21:05.806Z] [Auth Debug] Sending response...
[2026-03-04T05:23:13.796Z] [Auth Debug] Login attempt for: surya@ec23
[2026-03-04T05:23:13.833Z] [Auth Debug] Admin lookup result: Found
[2026-03-04T05:23:14.116Z] [Auth Debug] Password matched for: surya@ec23
[2026-03-04T05:23:14.125Z] [Auth Debug] Starting gamification logic...
[2026-03-04T05:23:14.133Z] [Auth Debug] Skipping gamification for Admin role.
[2026-03-04T05:23:14.141Z] [Auth Debug] Logging audit...
[2026-03-04T05:23:14.177Z] [Auth Debug] Sending response...
[2026-03-04T05:25:05.181Z] [Auth Debug] Login attempt for: vijaykumar.ec23@bitsathy.ac.in
[2026-03-04T05:25:05.209Z] [Auth Debug] Admin lookup result: Not Found
[2026-03-04T05:25:05.227Z] [Auth Debug] User lookup result: Found
[2026-03-04T05:25:05.516Z] [Auth Debug] Password matched for: vijaykumar.ec23@bitsathy.ac.in
[2026-03-04T05:25:05.525Z] [Auth Debug] Starting gamification logic...
[2026-03-04T05:25:05.537Z] [Auth Debug] Streak updated and saved. AwardXP: true
[2026-03-04T05:25:05.572Z] [Auth Debug] Logging audit...
[2026-03-04T05:25:05.591Z] [Auth Debug] Sending response...
[2026-03-04T05:28:20.648Z] [Auth Debug] Login attempt for: surya@ec23
[2026-03-04T05:28:20.698Z] [Auth Debug] Admin lookup result: Found
[2026-03-04T05:28:20.952Z] [Auth Debug] Password matched for: surya@ec23
[2026-03-04T05:28:20.958Z] [Auth Debug] Starting gamification logic...
[2026-03-04T05:28:20.965Z] [Auth Debug] Skipping gamification for Admin role.
[2026-03-04T05:28:20.975Z] [Auth Debug] Logging audit...
[2026-03-04T05:28:21.000Z] [Auth Debug] Sending response...
[2026-03-04T05:33:38.653Z] [Auth Debug] Login attempt for: vijaykumar.ec23@bitsathy.ac.in
[2026-03-04T05:33:38.722Z] [Auth Debug] Admin lookup result: Not Found
[2026-03-04T05:33:38.733Z] [Auth Debug] User lookup result: Found
[2026-03-04T05:33:38.995Z] [Auth Debug] Password matched for: vijaykumar.ec23@bitsathy.ac.in
[2026-03-04T05:33:39.003Z] [Auth Debug] Starting gamification logic...
[2026-03-04T05:33:39.028Z] [Auth Debug] Streak updated and saved. AwardXP: false
[2026-03-04T05:33:39.049Z] [Auth Debug] Logging audit...
[2026-03-04T05:33:39.075Z] [Auth Debug] Sending response...
[2026-03-04T05:34:23.067Z] [Auth Debug] Login attempt for: sanjei.ec23@bitsathy.ac.in
[2026-03-04T05:34:23.087Z] [Auth Debug] Admin lookup result: Not Found
[2026-03-04T05:34:23.107Z] [Auth Debug] User lookup result: Found
[2026-03-04T05:34:23.381Z] [Auth Debug] Password matched for: sanjei.ec23@bitsathy.ac.in
[2026-03-04T05:34:23.390Z] [Auth Debug] Starting gamification logic...
[2026-03-04T05:34:23.410Z] [Auth Debug] Streak updated and saved. AwardXP: true
[2026-03-04T05:34:23.438Z] [Auth Debug] Logging audit...
[2026-03-04T05:34:23.453Z] [Auth Debug] Sending response...
[2026-03-04T05:36:00.941Z] [Auth Debug] Login attempt for: surya@ec23
[2026-03-04T05:36:00.979Z] [Auth Debug] Admin lookup result: Found
[2026-03-04T05:36:01.257Z] [Auth Debug] Password matched for: surya@ec23
[2026-03-04T05:36:01.266Z] [Auth Debug] Starting gamification logic...
[2026-03-04T05:36:01.273Z] [Auth Debug] Skipping gamification for Admin role.
[2026-03-04T05:36:01.279Z] [Auth Debug] Logging audit...
[2026-03-04T05:36:01.309Z] [Auth Debug] Sending response...
[2026-03-04T05:41:23.157Z] [Auth Debug] Login attempt for: surya.ec23@bitsathy.ac.in
[2026-03-04T05:41:23.189Z] [Auth Debug] Admin lookup result: Not Found
[2026-03-04T05:41:23.210Z] [Auth Debug] User lookup result: Found
[2026-03-04T05:41:23.494Z] [Auth Debug] Password matched for: surya.ec23@bitsathy.ac.in
[2026-03-04T05:41:23.500Z] [Auth Debug] Starting gamification logic...
[2026-03-04T05:41:23.523Z] [Auth Debug] Streak updated and saved. AwardXP: false
[2026-03-04T05:41:23.538Z] [Auth Debug] Logging audit...
[2026-03-04T05:41:23.582Z] [Auth Debug] Sending response...
[2026-03-04T08:03:35.023Z] [Auth Debug] Login attempt for: surya@ec23
[2026-03-04T08:03:35.076Z] [Auth Debug] Admin lookup result: Found
[2026-03-04T08:03:35.309Z] [Auth Debug] Password matched for: surya@ec23
[2026-03-04T08:03:35.314Z] [Auth Debug] Starting gamification logic...
[2026-03-04T08:03:35.319Z] [Auth Debug] Skipping gamification for Admin role.
[2026-03-04T08:03:35.325Z] [Auth Debug] Logging audit...
[2026-03-04T08:03:35.356Z] [Auth Debug] Sending response...
[2026-03-04T08:07:27.288Z] [Auth Debug] Login attempt for: surya@ec23
[2026-03-04T08:07:27.329Z] [Auth Debug] Admin lookup result: Found
[2026-03-04T08:07:27.579Z] [Auth Debug] login failed: Invalid email or password
[2026-03-04T08:07:39.874Z] [Auth Debug] Login attempt for: surya@ec23
[2026-03-04T08:07:39.900Z] [Auth Debug] Admin lookup result: Found
[2026-03-04T08:07:40.173Z] [Auth Debug] Password matched for: surya@ec23
[2026-03-04T08:07:40.179Z] [Auth Debug] Starting gamification logic...
[2026-03-04T08:07:40.186Z] [Auth Debug] Skipping gamification for Admin role.
[2026-03-04T08:07:40.195Z] [Auth Debug] Logging audit...
[2026-03-04T08:07:40.218Z] [Auth Debug] Sending response...
[2026-03-05T03:22:12.343Z] [Auth Debug] Login attempt for: surya@ec23
[2026-03-05T03:22:12.367Z] [Auth Debug] Admin lookup result: Found
[2026-03-05T03:22:12.650Z] [Auth Debug] Password matched for: surya@ec23
[2026-03-05T03:22:12.658Z] [Auth Debug] Starting gamification logic...
[2026-03-05T03:22:12.662Z] [Auth Debug] Skipping gamification for Admin role.
[2026-03-05T03:22:12.679Z] [Auth Debug] Logging audit...
[2026-03-05T03:22:12.862Z] [Auth Debug] Sending response...
[2026-03-05T03:30:34.555Z] [Auth Debug] Login attempt for: surya@ec23
[2026-03-05T03:30:34.584Z] [Auth Debug] Admin lookup result: Found
[2026-03-05T03:30:34.880Z] [Auth Debug] login failed: Invalid email or password
[2026-03-05T03:30:39.297Z] [Auth Debug] Login attempt for: surya@ec23
[2026-03-05T03:30:39.310Z] [Auth Debug] Admin lookup result: Found
[2026-03-05T03:30:39.605Z] [Auth Debug] Password matched for: surya@ec23
[2026-03-05T03:30:39.612Z] [Auth Debug] Starting gamification logic...
[2026-03-05T03:30:39.618Z] [Auth Debug] Skipping gamification for Admin role.
[2026-03-05T03:30:39.626Z] [Auth Debug] Logging audit...
[2026-03-05T03:30:39.662Z] [Auth Debug] Sending response...
[2026-03-05T09:19:53.018Z] [Auth Debug] Login attempt for: surya@ec23
[2026-03-05T09:19:53.037Z] [Auth Debug] Admin lookup result: Found
[2026-03-05T09:19:53.146Z] [Auth Debug] Password matched for: surya@ec23
[2026-03-05T09:19:53.151Z] [Auth Debug] Starting gamification logic...
[2026-03-05T09:19:53.152Z] [Auth Debug] Skipping gamification for Admin role.
[2026-03-05T09:19:53.154Z] [Auth Debug] Logging audit...
[2026-03-05T09:19:53.179Z] [Auth Debug] Sending response...
[2026-03-05T10:05:05.738Z] [Auth Debug] Login attempt for: surya@ec23
[2026-03-05T10:05:05.765Z] [Auth Debug] Admin lookup result: Found
[2026-03-05T10:05:05.991Z] [Auth Debug] Password matched for: surya@ec23
[2026-03-05T10:05:05.998Z] [Auth Debug] Starting gamification logic...
[2026-03-05T10:05:06.004Z] [Auth Debug] Skipping gamification for Admin role.
[2026-03-05T10:05:06.012Z] [Auth Debug] Logging audit...
[2026-03-05T10:05:06.041Z] [Auth Debug] Sending response...
[2026-03-06T05:35:28.436Z] [Auth Debug] Login attempt for: deepa.ec@bitsathy.ac.in
[2026-03-06T05:35:28.484Z] [Auth Debug] Admin lookup result: Not Found
[2026-03-06T05:35:28.535Z] [Auth Debug] User lookup result: Found
[2026-03-06T05:35:28.816Z] [Auth Debug] Password matched for: deepa.ec@bitsathy.ac.in
[2026-03-06T05:35:28.825Z] [Auth Debug] Starting gamification logic...
[2026-03-06T05:35:28.882Z] [Auth Debug] Streak updated and saved. AwardXP: true
[2026-03-06T05:35:28.923Z] [Auth Debug] Logging audit...
[2026-03-06T05:35:28.992Z] [Auth Debug] Sending response...
[2026-03-06T05:40:00.377Z] [Auth Debug] Login attempt for: surya@ec23
[2026-03-06T05:40:00.412Z] [Auth Debug] Admin lookup result: Found
[2026-03-06T05:40:00.758Z] [Auth Debug] Password matched for: surya@ec23
[2026-03-06T05:40:00.771Z] [Auth Debug] Starting gamification logic...
[2026-03-06T05:40:00.781Z] [Auth Debug] Skipping gamification for Admin role.
[2026-03-06T05:40:00.795Z] [Auth Debug] Logging audit...
[2026-03-06T05:40:00.855Z] [Auth Debug] Sending response...
[2026-03-06T05:50:18.608Z] [Auth Debug] Login attempt for: vimalkumarp.ec@bitsathy.ac.in
[2026-03-06T05:50:18.637Z] [Auth Debug] Admin lookup result: Not Found
[2026-03-06T05:50:18.675Z] [Auth Debug] User lookup result: Not Found
[2026-03-06T05:50:18.700Z] [Auth Debug] login failed: Invalid email or password
[2026-03-06T05:50:39.374Z] [Auth Debug] Login attempt for: surya@ec23
[2026-03-06T05:50:39.403Z] [Auth Debug] Admin lookup result: Found
[2026-03-06T05:50:39.627Z] [Auth Debug] Password matched for: surya@ec23
[2026-03-06T05:50:39.631Z] [Auth Debug] Starting gamification logic...
[2026-03-06T05:50:39.635Z] [Auth Debug] Skipping gamification for Admin role.
[2026-03-06T05:50:39.642Z] [Auth Debug] Logging audit...
[2026-03-06T05:50:39.657Z] [Auth Debug] Sending response...
[2026-03-06T05:51:21.524Z] [Auth Debug] Login attempt for: vimalkumarp.ec23@bitsathy.ac.in
[2026-03-06T05:51:21.542Z] [Auth Debug] Admin lookup result: Not Found
[2026-03-06T05:51:21.565Z] [Auth Debug] User lookup result: Found
[2026-03-06T05:51:21.837Z] [Auth Debug] Password matched for: vimalkumarp.ec23@bitsathy.ac.in
[2026-03-06T05:51:21.839Z] [Auth Debug] Starting gamification logic...
[2026-03-06T05:51:21.850Z] [Auth Debug] Streak updated and saved. AwardXP: true
[2026-03-06T05:51:21.878Z] [Auth Debug] Logging audit...
[2026-03-06T05:51:21.913Z] [Auth Debug] Sending response...
[2026-03-06T05:55:05.907Z] [Auth Debug] Login attempt for: surya@ec23
[2026-03-06T05:55:05.913Z] [Auth Debug] Admin lookup result: Found
[2026-03-06T05:55:06.227Z] [Auth Debug] Password matched for: surya@ec23
[2026-03-06T05:55:06.232Z] [Auth Debug] Starting gamification logic...
[2026-03-06T05:55:06.235Z] [Auth Debug] Skipping gamification for Admin role.
[2026-03-06T05:55:06.237Z] [Auth Debug] Logging audit...
[2026-03-06T05:55:06.261Z] [Auth Debug] Sending response...
[2026-03-06T05:59:51.415Z] [Auth Debug] Login attempt for: deepa.ec@bitsathy.ac.in
[2026-03-06T05:59:51.440Z] [Auth Debug] Admin lookup result: Not Found
[2026-03-06T05:59:51.463Z] [Auth Debug] User lookup result: Found
[2026-03-06T05:59:51.852Z] [Auth Debug] Password matched for: deepa.ec@bitsathy.ac.in
[2026-03-06T05:59:51.862Z] [Auth Debug] Starting gamification logic...
[2026-03-06T05:59:51.902Z] [Auth Debug] Streak updated and saved. AwardXP: false
[2026-03-06T05:59:51.917Z] [Auth Debug] Logging audit...
[2026-03-06T05:59:51.966Z] [Auth Debug] Sending response...
[2026-03-06T06:03:06.511Z] [Auth Debug] Login attempt for: surya@ec23
[2026-03-06T06:03:06.606Z] [Auth Debug] Admin lookup result: Found
[2026-03-06T06:03:07.039Z] [Auth Debug] Password matched for: surya@ec23
[2026-03-06T06:03:07.053Z] [Auth Debug] Starting gamification logic...
[2026-03-06T06:03:07.073Z] [Auth Debug] Skipping gamification for Admin role.
[2026-03-06T06:03:07.088Z] [Auth Debug] Logging audit...
[2026-03-06T06:03:07.123Z] [Auth Debug] Sending response...
[2026-03-06T06:04:08.051Z] [Auth Debug] Login attempt for: deepa.ec@bitsathy.ac.in
[2026-03-06T06:04:08.075Z] [Auth Debug] Admin lookup result: Not Found
[2026-03-06T06:04:08.085Z] [Auth Debug] User lookup result: Found
[2026-03-06T06:04:08.541Z] [Auth Debug] Password matched for: deepa.ec@bitsathy.ac.in
[2026-03-06T06:04:08.553Z] [Auth Debug] Starting gamification logic...
[2026-03-06T06:04:08.598Z] [Auth Debug] Streak updated and saved. AwardXP: false
[2026-03-06T06:04:08.616Z] [Auth Debug] Logging audit...
[2026-03-06T06:04:08.685Z] [Auth Debug] Sending response...
[2026-03-06T06:05:27.392Z] [Auth Debug] Login attempt for: santhosh.ec23@bitsathy.ac.in
[2026-03-06T06:05:27.431Z] [Auth Debug] Admin lookup result: Not Found
[2026-03-06T06:05:27.498Z] [Auth Debug] User lookup result: Found
[2026-03-06T06:05:27.940Z] [Auth Debug] Password matched for: santhosh.ec23@bitsathy.ac.in
[2026-03-06T06:05:27.951Z] [Auth Debug] Starting gamification logic...
[2026-03-06T06:05:27.994Z] [Auth Debug] Streak updated and saved. AwardXP: true
[2026-03-06T06:05:28.035Z] [Auth Debug] Logging audit...
[2026-03-06T06:05:28.083Z] [Auth Debug] Sending response...
[2026-03-06T06:22:21.042Z] [Auth Debug] Login attempt for: surya@ec23
[2026-03-06T06:22:21.060Z] [Auth Debug] Admin lookup result: Found
[2026-03-06T06:22:21.183Z] [Auth Debug] Password matched for: surya@ec23
[2026-03-06T06:22:21.189Z] [Auth Debug] Starting gamification logic...
[2026-03-06T06:22:21.195Z] [Auth Debug] Skipping gamification for Admin role.
[2026-03-06T06:22:21.198Z] [Auth Debug] Logging audit...
[2026-03-06T06:22:21.212Z] [Auth Debug] Sending response...
[2026-03-06T08:44:39.996Z] [Auth Debug] Login attempt for: surya@ec23
[2026-03-06T08:44:40.025Z] [Auth Debug] Admin lookup result: Found
[2026-03-06T08:44:40.267Z] [Auth Debug] Password matched for: surya@ec23
[2026-03-06T08:44:40.273Z] [Auth Debug] Starting gamification logic...
[2026-03-06T08:44:40.278Z] [Auth Debug] Skipping gamification for Admin role.
[2026-03-06T08:44:40.287Z] [Auth Debug] Logging audit...
[2026-03-06T08:44:40.342Z] [Auth Debug] Sending response...
[2026-03-06T09:16:03.229Z] [Auth Debug] Login attempt for: surya@ec23
[2026-03-06T09:16:03.261Z] [Auth Debug] Admin lookup result: Found
[2026-03-06T09:16:03.645Z] [Auth Debug] Password matched for: surya@ec23
[2026-03-06T09:16:03.656Z] [Auth Debug] Starting gamification logic...
[2026-03-06T09:16:03.666Z] [Auth Debug] Skipping gamification for Admin role.
[2026-03-06T09:16:03.671Z] [Auth Debug] Logging audit...
[2026-03-06T09:16:03.705Z] [Auth Debug] Sending response...
[2026-03-06T09:19:45.645Z] [Auth Debug] Login attempt for: surya@ec23
[2026-03-06T09:19:45.667Z] [Auth Debug] Admin lookup result: Found
[2026-03-06T09:19:46.055Z] [Auth Debug] Password matched for: surya@ec23
[2026-03-06T09:19:46.070Z] [Auth Debug] Starting gamification logic...
[2026-03-06T09:19:46.083Z] [Auth Debug] Skipping gamification for Admin role.
[2026-03-06T09:19:46.103Z] [Auth Debug] Logging audit...
[2026-03-06T09:19:46.156Z] [Auth Debug] Sending response...
[2026-03-06T09:22:32.191Z] [Auth Debug] Login attempt for: surya@ec23
[2026-03-06T09:22:32.231Z] [Auth Debug] Admin lookup result: Found
[2026-03-06T09:22:32.586Z] [Auth Debug] Password matched for: surya@ec23
[2026-03-06T09:22:32.595Z] [Auth Debug] Starting gamification logic...
[2026-03-06T09:22:32.599Z] [Auth Debug] Skipping gamification for Admin role.
[2026-03-06T09:22:32.602Z] [Auth Debug] Logging audit...
[2026-03-06T09:22:32.611Z] [Auth Debug] Sending response...
[2026-03-06T09:24:22.113Z] [Auth Debug] Login attempt for: surya@ec23
[2026-03-06T09:24:22.138Z] [Auth Debug] Admin lookup result: Found
[2026-03-06T09:24:22.471Z] [Auth Debug] Password matched for: surya@ec23
[2026-03-06T09:24:22.474Z] [Auth Debug] Starting gamification logic...
[2026-03-06T09:24:22.475Z] [Auth Debug] Skipping gamification for Admin role.
[2026-03-06T09:24:22.477Z] [Auth Debug] Logging audit...
[2026-03-06T09:24:22.496Z] [Auth Debug] Sending response...
[2026-03-06T09:26:04.588Z] [Auth Debug] Login attempt for: deepa.ec@bitsathy.ac.in
[2026-03-06T09:26:04.597Z] [Auth Debug] Admin lookup result: Not Found
[2026-03-06T09:26:04.625Z] [Auth Debug] User lookup result: Found
[2026-03-06T09:26:04.975Z] [Auth Debug] Password matched for: deepa.ec@bitsathy.ac.in
[2026-03-06T09:26:04.982Z] [Auth Debug] Starting gamification logic...
[2026-03-06T09:26:04.995Z] [Auth Debug] Streak updated and saved. AwardXP: false
[2026-03-06T09:26:04.999Z] [Auth Debug] Logging audit...
[2026-03-06T09:26:05.025Z] [Auth Debug] Sending response...
[2026-03-06T09:26:54.826Z] [Auth Debug] Login attempt for: surya@ec23
[2026-03-06T09:26:54.859Z] [Auth Debug] Admin lookup result: Found
[2026-03-06T09:26:55.219Z] [Auth Debug] Password matched for: surya@ec23
[2026-03-06T09:26:55.234Z] [Auth Debug] Starting gamification logic...
[2026-03-06T09:26:55.252Z] [Auth Debug] Skipping gamification for Admin role.
[2026-03-06T09:26:55.266Z] [Auth Debug] Logging audit...
[2026-03-06T09:26:55.307Z] [Auth Debug] Sending response...
[2026-03-10T06:01:43.120Z] [Auth Debug] Login attempt for: deepa.ec@bitsathy.ac.in
[2026-03-10T06:01:43.154Z] [Auth Debug] Admin lookup result: Not Found
[2026-03-10T06:01:43.182Z] [Auth Debug] User lookup result: Found
[2026-03-10T06:01:43.533Z] [Auth Debug] Password matched for: deepa.ec@bitsathy.ac.in
[2026-03-10T06:01:43.538Z] [Auth Debug] Starting gamification logic...
[2026-03-10T06:01:43.626Z] [Auth Debug] Streak updated and saved. AwardXP: true
[2026-03-10T06:01:43.652Z] [Auth Debug] Logging audit...
[2026-03-10T06:01:43.691Z] [Auth Debug] Sending response...
[2026-03-16T08:35:27.301Z] [Auth Debug] Login attempt for: surya@ec23
[2026-03-16T08:35:27.340Z] [Auth Debug] Admin lookup result: Found
[2026-03-16T08:35:27.874Z] [Auth Debug] login failed: Invalid email or password
[2026-03-16T08:35:32.463Z] [Auth Debug] Login attempt for: surya@ec23
[2026-03-16T08:35:32.492Z] [Auth Debug] Admin lookup result: Found
[2026-03-16T08:35:32.763Z] [Auth Debug] Password matched for: surya@ec23
[2026-03-16T08:35:32.770Z] [Auth Debug] Starting gamification logic...
[2026-03-16T08:35:32.778Z] [Auth Debug] Skipping gamification for Admin role.
[2026-03-16T08:35:32.786Z] [Auth Debug] Logging audit...
[2026-03-16T08:35:32.894Z] [Auth Debug] Sending response...
[2026-03-20T10:30:11.496Z] [Auth Debug] Login attempt for: surya@ec23
[2026-03-20T10:30:11.517Z] [Auth Debug] Admin lookup result: Found
[2026-03-20T10:30:11.681Z] [Auth Debug] Password matched for: surya@ec23
[2026-03-20T10:30:11.695Z] [Auth Debug] Starting gamification logic...
[2026-03-20T10:30:11.718Z] [Auth Debug] Skipping gamification for Admin role.
[2026-03-20T10:30:11.724Z] [Auth Debug] Logging audit...
[2026-03-20T10:30:11.828Z] [Auth Debug] Sending response...
[2026-03-23T06:24:08.826Z] [Auth Debug] Login attempt for: surya@ec23
[2026-03-23T06:24:08.921Z] [Auth Debug] Admin lookup result: Found
[2026-03-23T06:24:09.402Z] [Auth Debug] Password matched for: surya@ec23
[2026-03-23T06:24:09.424Z] [Auth Debug] Starting gamification logic...
[2026-03-23T06:24:09.441Z] [Auth Debug] Skipping gamification for Admin role.
[2026-03-23T06:24:09.463Z] [Auth Debug] Logging audit...
[2026-03-23T06:24:09.635Z] [Auth Debug] Sending response...
[2026-03-23T08:56:05.458Z] [Auth Debug] Login attempt for: surya@ec23
[2026-03-23T08:56:05.495Z] [Auth Debug] Admin lookup result: Found
[2026-03-23T08:56:05.770Z] [Auth Debug] Password matched for: surya@ec23
[2026-03-23T08:56:05.779Z] [Auth Debug] Starting gamification logic...
[2026-03-23T08:56:05.785Z] [Auth Debug] Skipping gamification for Admin role.
[2026-03-23T08:56:05.792Z] [Auth Debug] Logging audit...
[2026-03-23T08:56:05.840Z] [Auth Debug] Sending response...
[2026-03-23T08:59:12.469Z] [Auth Debug] Login attempt for: surya@ec23
[2026-03-23T08:59:12.488Z] [Auth Debug] Admin lookup result: Found
[2026-03-23T08:59:12.775Z] [Auth Debug] Password matched for: surya@ec23
[2026-03-23T08:59:12.786Z] [Auth Debug] Starting gamification logic...
[2026-03-23T08:59:12.791Z] [Auth Debug] Skipping gamification for Admin role.
[2026-03-23T08:59:12.796Z] [Auth Debug] Logging audit...
[2026-03-23T08:59:12.842Z] [Auth Debug] Sending response...
[2026-03-23T09:04:42.456Z] [Auth Debug] Login attempt for: surya@ec23
[2026-03-23T09:04:42.534Z] [Auth Debug] Admin lookup result: Found
[2026-03-23T09:04:43.012Z] [Auth Debug] Password matched for: surya@ec23
[2026-03-23T09:04:43.021Z] [Auth Debug] Starting gamification logic...
[2026-03-23T09:04:43.029Z] [Auth Debug] Skipping gamification for Admin role.
[2026-03-23T09:04:43.042Z] [Auth Debug] Logging audit...
[2026-03-23T09:04:43.091Z] [Auth Debug] Sending response...
[2026-03-25T08:33:14.999Z] [Auth Debug] Login attempt for: surya@ec23
[2026-03-25T08:33:15.032Z] [Auth Debug] Admin lookup result: Found
[2026-03-25T08:33:15.198Z] [Auth Debug] Password matched for: surya@ec23
[2026-03-25T08:33:15.205Z] [Auth Debug] Starting gamification logic...
[2026-03-25T08:33:15.211Z] [Auth Debug] Skipping gamification for Admin role.
[2026-03-25T08:33:15.217Z] [Auth Debug] Logging audit...
[2026-03-25T08:33:15.272Z] [Auth Debug] Sending response...
[2026-04-04T10:25:50.328Z] [Auth Debug] Login attempt for: surya@ec23
[2026-04-04T10:25:50.563Z] [Auth Debug] Admin lookup result: Found
[2026-04-04T10:25:53.143Z] [Auth Debug] Password matched for: surya@ec23
[2026-04-04T10:25:53.189Z] [Auth Debug] Starting gamification logic...
[2026-04-04T10:25:53.245Z] [Auth Debug] Skipping gamification for Admin role.
[2026-04-04T10:25:53.270Z] [Auth Debug] Logging audit...
[2026-04-04T10:25:55.554Z] [Auth Debug] Sending response...
[2026-04-06T04:26:45.860Z] [Auth Debug] Login attempt for: surya.ec23@bitsathy.ac.in
[2026-04-06T04:26:45.895Z] [Auth Debug] Admin lookup result: Not Found
[2026-04-06T04:26:45.924Z] [Auth Debug] User lookup result: Not Found
[2026-04-06T04:26:45.944Z] [Auth Debug] login failed: Invalid email or password
[2026-04-06T04:26:55.141Z] [Auth Debug] Login attempt for: surya.ec23@bitsathy.ac.in
[2026-04-06T04:26:55.180Z] [Auth Debug] Admin lookup result: Not Found
[2026-04-06T04:26:55.192Z] [Auth Debug] User lookup result: Not Found
[2026-04-06T04:26:55.205Z] [Auth Debug] login failed: Invalid email or password
[2026-04-06T04:26:57.506Z] [Auth Debug] Login attempt for: surya.ec23@bitsathy.ac.in
[2026-04-06T04:26:57.545Z] [Auth Debug] Admin lookup result: Not Found
[2026-04-06T04:26:57.560Z] [Auth Debug] User lookup result: Not Found
[2026-04-06T04:26:57.564Z] [Auth Debug] login failed: Invalid email or password
[2026-04-06T04:27:39.659Z] [Auth Debug] Login attempt for: sanjei.ec23@bitsathy.ac.in
[2026-04-06T04:27:39.675Z] [Auth Debug] Admin lookup result: Not Found
[2026-04-06T04:27:39.692Z] [Auth Debug] User lookup result: Not Found
[2026-04-06T04:27:39.695Z] [Auth Debug] login failed: Invalid email or password
[2026-04-06T04:43:51.148Z] [Auth Debug] Login attempt for: surya@ec23
[2026-04-06T04:43:51.201Z] [Auth Debug] Admin lookup result: Found
[2026-04-06T04:43:51.502Z] [Auth Debug] Password matched for: surya@ec23
[2026-04-06T04:43:51.511Z] [Auth Debug] Starting gamification logic...
[2026-04-06T04:43:51.520Z] [Auth Debug] Skipping gamification for Admin role.
[2026-04-06T04:43:51.533Z] [Auth Debug] Logging audit...
[2026-04-06T04:43:51.583Z] [Auth Debug] Sending response...
[2026-04-06T05:24:07.589Z] [Auth Debug] Login attempt for: surya@ec23
[2026-04-06T05:24:07.609Z] [Auth Debug] Admin lookup result: Found
[2026-04-06T05:24:08.041Z] [Auth Debug] Password matched for: surya@ec23
[2026-04-06T05:24:08.072Z] [Auth Debug] Starting gamification logic...
[2026-04-06T05:24:08.099Z] [Auth Debug] Skipping gamification for Admin role.
[2026-04-06T05:24:08.117Z] [Auth Debug] Logging audit...
[2026-04-06T05:24:08.201Z] [Auth Debug] Sending response...
[2026-04-06T05:30:19.944Z] [Auth Debug] Login attempt for: kumar.ec23@bitsathy.ac.in
[2026-04-06T05:30:19.977Z] [Auth Debug] Admin lookup result: Not Found
[2026-04-06T05:30:20.000Z] [Auth Debug] User lookup result: Not Found
[2026-04-06T05:30:20.018Z] [Auth Debug] login failed: Invalid email or password
[2026-04-06T05:30:29.704Z] [Auth Debug] Login attempt for: kumar.cs23@bitsathy.ac.in
[2026-04-06T05:30:29.740Z] [Auth Debug] Admin lookup result: Not Found
[2026-04-06T05:30:29.795Z] [Auth Debug] User lookup result: Found
[2026-04-06T05:30:30.477Z] [Auth Debug] Password matched for: kumar.cs23@bitsathy.ac.in
[2026-04-06T05:30:30.492Z] [Auth Debug] Starting gamification logic...
[2026-04-06T05:30:30.649Z] [Auth Debug] Streak updated and saved. AwardXP: true
[2026-04-06T05:30:30.806Z] [Auth Debug] Logging audit...
[2026-04-06T05:30:30.857Z] [Auth Debug] Sending response...
